GET    /api/admin/audit-log | gate: platform.audit.read | layers: -
GET    /api/analytics/events | gate: analytics.read | layers: -
GET    /api/analytics/events/export.csv | gate: analytics.read | layers: -
GET    /api/analytics/infrastructure | gate: analytics.read | layers: -
GET    /api/analytics/infrastructure/export.csv | gate: analytics.read | layers: -
GET    /api/analytics/mail | gate: analytics.read | layers: -
GET    /api/analytics/mail/export.csv | gate: analytics.read | layers: -
GET    /api/analytics/overview | gate: analytics.read | layers: -
GET    /api/analytics/overview/export.csv | gate: analytics.read | layers: -
GET    /api/analytics/tasks | gate: analytics.read | layers: -
GET    /api/analytics/tasks/export.csv | gate: analytics.read | layers: -
GET    /api/analytics/users | gate: analytics.read | layers: -
GET    /api/analytics/users/export.csv | gate: analytics.read | layers: -
GET    /api/analytics/users/people | gate: analytics.users.read | layers: -
DELETE /api/auth/account | gate: self | layers: -
GET    /api/auth/account | gate: self | layers: -
DELETE /api/auth/account/avatar | gate: self | layers: -
POST   /api/auth/account/avatar | gate: self | layers: -
POST   /api/auth/account/email | gate: self | layers: middleware.RateLimitPerUser.func
POST   /api/auth/account/email/confirm | gate: - | layers: middleware.RateLimitPerUser.func
PATCH  /api/auth/account/profile | gate: self | layers: -
GET    /api/auth/avatar/:id | gate: - | layers: -
GET    /api/auth/google | gate: - | layers: middleware.RateLimitPerUser.func
GET    /api/auth/google/callback | gate: - | layers: middleware.RateLimitPerUser.func
DELETE /api/auth/google/link | gate: self | layers: -
GET    /api/auth/google/link | gate: self | layers: -
GET    /api/auth/google/register | gate: - | layers: middleware.RateLimitPerUser.func
GET    /api/auth/google/setup | gate: - | layers: middleware.RateLimitPerUser.func
GET    /api/auth/me | gate: self | layers: -
POST   /api/auth/password/change | gate: self | layers: middleware.RateLimitPerUser.func
GET    /api/auth/password/policy | gate: - | layers: -
POST   /api/auth/password/reset | gate: - | layers: middleware.RateLimitPerUser.func
POST   /api/auth/password/reset-request | gate: - | layers: recaptcha,middleware.RateLimitPerUser.func
DELETE /api/auth/sessions | gate: self | layers: -
GET    /api/auth/sessions | gate: self | layers: -
DELETE /api/auth/sessions/:id | gate: self | layers: -
GET    /api/auth/setup | gate: - | layers: middleware.RateLimitPerUser.func
POST   /api/auth/setup | gate: - | layers: middleware.RateLimitPerUser.func
POST   /api/auth/sign-in | gate: - | layers: recaptcha,middleware.RateLimitPerUser.func
POST   /api/auth/sign-out | gate: self | layers: -
POST   /api/auth/sign-up | gate: - | layers: recaptcha,middleware.RateLimitPerUser.func
GET    /api/banners | gate: banners.view(public) | layers: -
GET    /api/events | gate: events.read | layers: -
POST   /api/events | gate: events.write | layers: -
DELETE /api/events/:id | gate: events.write | layers: -
GET    /api/events/:id | gate: events.read | layers: -
PUT    /api/events/:id | gate: events.write | layers: -
POST   /api/events/:id/archive | gate: events.write | layers: -
GET    /api/events/:id/config | gate: events.read | layers: -
PUT    /api/events/:id/config | gate: events.write | layers: -
GET    /api/events/:id/content | gate: events.content.read(public) | layers: -
GET    /api/events/:id/content-images/:fileID | gate: - | layers: -
GET    /api/events/:id/content/document | gate: events.content.read(public) | layers: -
GET    /api/events/:id/content/pages | gate: events.content.read(public) | layers: -
GET    /api/events/:id/content/pages/:slug | gate: events.content.read(public) | layers: -
GET    /api/events/:id/content/pages/:slug/access | gate: events.content.read(public) | layers: -
GET    /api/events/:id/content/pages/:slug/document | gate: events.content.read(public) | layers: -
GET    /api/events/:id/content/pages/:slug/values | gate: events.content.read(public) | layers: -
GET    /api/events/:id/content/values | gate: events.content.read(public) | layers: -
GET    /api/events/:id/favicon/:fileID | gate: - | layers: -
GET    /api/events/:id/forms/:formID | gate: self | layers: eventself.touchPresence
POST   /api/events/:id/forms/:formID/response | gate: self | layers: eventself.touchPresence
GET    /api/events/:id/forms/pending | gate: self | layers: eventself.touchPresence
PUT    /api/events/:id/infrastructure | gate: events.write | layers: -
GET    /api/events/:id/logo/:fileID | gate: - | layers: -
GET    /api/events/:id/manage/access | gate: self | layers: event.requireRead
GET    /api/events/:id/manage/analytics/access | gate: self | layers: eventAnalytics.requireSections
GET    /api/events/:id/manage/analytics/communications | gate: self | layers: eventAnalytics.requireSections
GET    /api/events/:id/manage/analytics/communications/export.csv | gate: self | layers: eventAnalytics.requireSections
GET    /api/events/:id/manage/analytics/integrity | gate: self | layers: eventAnalytics.requireSensitive
GET    /api/events/:id/manage/analytics/integrity/dismissals | gate: self | layers: eventAnalytics.requireSensitive
POST   /api/events/:id/manage/analytics/integrity/dismissals | gate: self | layers: eventAnalytics.requireSensitive
DELETE /api/events/:id/manage/analytics/integrity/dismissals/:dismissalID | gate: self | layers: eventAnalytics.requireSensitive
GET    /api/events/:id/manage/analytics/integrity/export.csv | gate: self | layers: eventAnalytics.requireSensitive
GET    /api/events/:id/manage/analytics/integrity/flags | gate: self | layers: eventAnalytics.requireSensitive
DELETE /api/events/:id/manage/analytics/integrity/solves/:teamChallengeID/review | gate: self | layers: eventAnalytics.requireSensitive
PUT    /api/events/:id/manage/analytics/integrity/solves/:teamChallengeID/review | gate: self | layers: eventAnalytics.requireSensitive
GET    /api/events/:id/manage/analytics/overview | gate: self | layers: eventAnalytics.requireSections
GET    /api/events/:id/manage/analytics/overview/export.csv | gate: self | layers: eventAnalytics.requireSections
GET    /api/events/:id/manage/analytics/participants | gate: self | layers: eventAnalytics.requireSections
GET    /api/events/:id/manage/analytics/participants/export.csv | gate: self | layers: eventAnalytics.requireSections
GET    /api/events/:id/manage/analytics/progress/heatmap | gate: self | layers: eventAnalytics.requireSections
GET    /api/events/:id/manage/analytics/progress/inactive | gate: self | layers: eventAnalytics.requireSections
GET    /api/events/:id/manage/analytics/progress/inactive/export.csv | gate: self | layers: eventAnalytics.requireSections
GET    /api/events/:id/manage/analytics/progress/matrix | gate: self | layers: eventAnalytics.requireSections
GET    /api/events/:id/manage/analytics/progress/matrix/export.csv | gate: self | layers: eventAnalytics.requireSections
GET    /api/events/:id/manage/analytics/progress/scores | gate: self | layers: eventAnalytics.requireSections
GET    /api/events/:id/manage/analytics/report | gate: self | layers: eventAnalytics.requireSections
GET    /api/events/:id/manage/analytics/report/export.zip | gate: self | layers: eventAnalytics.requireSections
GET    /api/events/:id/manage/analytics/stands | gate: self | layers: eventAnalytics.requireSections
GET    /api/events/:id/manage/analytics/stands/export.csv | gate: self | layers: eventAnalytics.requireSections
GET    /api/events/:id/manage/analytics/tasks | gate: self | layers: eventAnalytics.requireSections
GET    /api/events/:id/manage/analytics/tasks/:challengeID | gate: self | layers: eventAnalytics.requireSections
GET    /api/events/:id/manage/analytics/tasks/:challengeID/wrong-answers | gate: self | layers: eventAnalytics.requireSensitive
GET    /api/events/:id/manage/analytics/tasks/export.csv | gate: self | layers: eventAnalytics.requireSections
GET    /api/events/:id/manage/analytics/usage | gate: self | layers: eventAnalytics.requireSections
GET    /api/events/:id/manage/analytics/usage/export.csv | gate: self | layers: eventAnalytics.requireSections
POST   /api/events/:id/manage/answer-files | gate: self | layers: event.requireManage
GET    /api/events/:id/manage/answer-files/:fileID | gate: self | layers: event.requireRead
PUT    /api/events/:id/manage/appearance | gate: self | layers: event.requireManage
GET    /api/events/:id/manage/banners | gate: self | layers: messaging.requireRead
POST   /api/events/:id/manage/banners | gate: self | layers: messaging.requireManage
DELETE /api/events/:id/manage/banners/:bannerID | gate: self | layers: messaging.requireManage
PUT    /api/events/:id/manage/banners/:bannerID | gate: self | layers: messaging.requireManage
POST   /api/events/:id/manage/brand-drafts/:kind | gate: self | layers: event.requireManage
GET    /api/events/:id/manage/broadcasts | gate: self | layers: messaging.requireRead
POST   /api/events/:id/manage/broadcasts | gate: self | layers: messaging.requireManage
GET    /api/events/:id/manage/broadcasts/:broadcastID | gate: self | layers: messaging.requireRead
GET    /api/events/:id/manage/broadcasts/:broadcastID/deliveries | gate: self | layers: messaging.requireRead
POST   /api/events/:id/manage/broadcasts/audience-count | gate: self | layers: messaging.requireManage
GET    /api/events/:id/manage/challenge-groups | gate: self | layers: event.requireRead
POST   /api/events/:id/manage/challenge-groups | gate: self | layers: event.requireManage
DELETE /api/events/:id/manage/challenge-groups/:groupID | gate: self | layers: event.requireManage
PUT    /api/events/:id/manage/challenge-groups/:groupID | gate: self | layers: event.requireManage
PUT    /api/events/:id/manage/challenge-groups/order | gate: self | layers: event.requireManage
PUT    /api/events/:id/manage/challenge-order | gate: self | layers: event.requireManage
GET    /api/events/:id/manage/config | gate: self | layers: event.requireRead
PUT    /api/events/:id/manage/config | gate: self | layers: event.requireManage
GET    /api/events/:id/manage/content | gate: self | layers: event.requireRead
POST   /api/events/:id/manage/content-images | gate: self | layers: event.requireManage
PUT    /api/events/:id/manage/content/landing | gate: self | layers: event.requireManage
DELETE /api/events/:id/manage/content/landing/draft | gate: self | layers: event.requireManage
POST   /api/events/:id/manage/content/landing/publish | gate: self | layers: event.requireManage
GET    /api/events/:id/manage/content/live | gate: self | layers: event.requireRead
PUT    /api/events/:id/manage/content/live | gate: self | layers: event.requireManage
POST   /api/events/:id/manage/content/live/logos | gate: self | layers: event.requireManage
POST   /api/events/:id/manage/content/live/publish | gate: self | layers: event.requireManage
DELETE /api/events/:id/manage/content/live/screen-link | gate: self | layers: event.requireManage
GET    /api/events/:id/manage/content/live/screen-link | gate: self | layers: event.requireManage
POST   /api/events/:id/manage/content/live/screen-link | gate: self | layers: event.requireManage
POST   /api/events/:id/manage/content/live/screen-link/regenerate | gate: self | layers: event.requireManage
GET    /api/events/:id/manage/content/live/version | gate: self | layers: event.requireRead
GET    /api/events/:id/manage/content/variables | gate: self | layers: event.requireRead
GET    /api/events/:id/manage/exercise-catalog | gate: self | layers: event.requireRead
GET    /api/events/:id/manage/exercise-catalog/:versionID | gate: self | layers: event.requireRead
GET    /api/events/:id/manage/exercise-catalog/tags | gate: self | layers: event.requireRead
GET    /api/events/:id/manage/exercises | gate: self | layers: event.requireRead
POST   /api/events/:id/manage/exercises | gate: self | layers: event.requireManage
DELETE /api/events/:id/manage/exercises/:exerciseID | gate: self | layers: event.requireManage
GET    /api/events/:id/manage/exercises/:exerciseID/challenges | gate: self | layers: event.requireRead
PUT    /api/events/:id/manage/exercises/:exerciseID/challenges/:challengeID | gate: self | layers: event.requireManage
PUT    /api/events/:id/manage/exercises/:exerciseID/challenges/:challengeID/hints | gate: self | layers: event.requireManage
PUT    /api/events/:id/manage/exercises/:exerciseID/challenges/:challengeID/relations | gate: self | layers: event.requireManage
PUT    /api/events/:id/manage/exercises/:exerciseID/challenges/order | gate: self | layers: event.requireManage
PUT    /api/events/:id/manage/exercises/:exerciseID/challenges/scoring | gate: self | layers: event.requireManage
POST   /api/events/:id/manage/exercises/:exerciseID/fork | gate: self | layers: event.requireManage
POST   /api/events/:id/manage/exercises/:exerciseID/replace | gate: self | layers: event.requireManage
POST   /api/events/:id/manage/exercises/:exerciseID/revert | gate: self | layers: event.requireManage
POST   /api/events/:id/manage/exercises/:exerciseID/update | gate: self | layers: event.requireManage
PUT    /api/events/:id/manage/exercises/:exerciseID/visibility | gate: self | layers: event.requireManage
GET    /api/events/:id/manage/forms | gate: self | layers: event.requireRead
POST   /api/events/:id/manage/forms | gate: self | layers: event.requireManage
GET    /api/events/:id/manage/forms/:formID | gate: self | layers: event.requireRead
PUT    /api/events/:id/manage/forms/:formID | gate: self | layers: event.requireManage
GET    /api/events/:id/manage/forms/:formID/answers | gate: self | layers: event.requireRead
GET    /api/events/:id/manage/forms/:formID/deliveries | gate: self | layers: event.requireRead
POST   /api/events/:id/manage/forms/:formID/deliveries | gate: self | layers: event.requireManage
PUT    /api/events/:id/manage/general | gate: self | layers: event.requireManage
GET    /api/events/:id/manage/hint-unlocks | gate: self | layers: event.requireRead
GET    /api/events/:id/manage/labs | gate: self | layers: event.requireRead
POST   /api/events/:id/manage/labs/:teamID/challenges/:challengeID/devices/:device/rescue | gate: self | layers: event.requireManage
POST   /api/events/:id/manage/labs/:teamID/challenges/:challengeID/devices/:device/reset | gate: self | layers: event.requireManage
GET    /api/events/:id/manage/labs/:teamID/detail | gate: self | layers: event.requireRead
POST   /api/events/:id/manage/labs/:teamID/recreate | gate: self | layers: event.requireManage
GET    /api/events/:id/manage/labs/moderators/board | gate: self | layers: event.requireManage
GET    /api/events/:id/manage/labs/moderators/challenges | gate: self | layers: event.requireManage
GET    /api/events/:id/manage/labs/moderators/challenges/:challengeID/files/:fileID | gate: self | layers: event.requireManage
GET    /api/events/:id/manage/labs/moderators/challenges/:challengeID/lab | gate: self | layers: event.requireManage
POST   /api/events/:id/manage/labs/moderators/challenges/:challengeID/lab/link | gate: self | layers: event.requireManage
GET    /api/events/:id/manage/labs/moderators/challenges/:challengeID/solves | gate: self | layers: event.requireManage
POST   /api/events/:id/manage/labs/moderators/challenges/:challengeID/submit | gate: self | layers: event.requireManage
GET    /api/events/:id/manage/labs/moderators/team | gate: self | layers: event.requireManage
GET    /api/events/:id/manage/labs/moderators/vpn | gate: self | layers: event.requireManage
PUT    /api/events/:id/manage/labs/settings | gate: self | layers: event.requireManage
GET    /api/events/:id/manage/lifecycle | gate: self | layers: event.requireRead
PUT    /api/events/:id/manage/lifecycle | gate: self | layers: event.requireManage
GET    /api/events/:id/manage/list-columns/:list | gate: self | layers: event.requireRead
PUT    /api/events/:id/manage/list-columns/:list | gate: self | layers: event.requireManage
DELETE /api/events/:id/manage/logo | gate: self | layers: event.requireManage
POST   /api/events/:id/manage/logo | gate: self | layers: event.requireManage
GET    /api/events/:id/manage/mail | gate: self | layers: mail.requireRead
PUT    /api/events/:id/manage/mail/identity | gate: self | layers: mail.requireManage
GET    /api/events/:id/manage/mail/journal | gate: self | layers: mail.requireRead
DELETE /api/events/:id/manage/mail/smtp | gate: self | layers: mail.requireManage
PUT    /api/events/:id/manage/mail/smtp | gate: self | layers: mail.requireManage
POST   /api/events/:id/manage/mail/smtp/test | gate: self | layers: mail.requireManage
GET    /api/events/:id/manage/name | gate: self | layers: event.requireRead
PUT    /api/events/:id/manage/name | gate: self | layers: event.requireManage
GET    /api/events/:id/manage/notification-subscriptions | gate: self | layers: event.requireRead
PUT    /api/events/:id/manage/notification-subscriptions | gate: self | layers: event.requireManage
DELETE /api/events/:id/manage/notification-subscriptions/:signalType/:channel | gate: self | layers: event.requireManage
GET    /api/events/:id/manage/notification-templates/email | gate: self | layers: event.requireRead
POST   /api/events/:id/manage/notification-templates/email | gate: self | layers: event.requireManage
DELETE /api/events/:id/manage/notification-templates/email/:templateID | gate: self | layers: event.requireManage
GET    /api/events/:id/manage/notification-templates/email/:templateID | gate: self | layers: event.requireRead
PUT    /api/events/:id/manage/notification-templates/email/:templateID | gate: self | layers: event.requireManage
POST   /api/events/:id/manage/notification-templates/email/:templateID/customize | gate: self | layers: event.requireManage
POST   /api/events/:id/manage/notification-templates/email/:templateID/images | gate: self | layers: event.requireManage
POST   /api/events/:id/manage/notification-templates/email/:templateID/publish | gate: self | layers: event.requireManage
POST   /api/events/:id/manage/notification-templates/email/:templateID/rollback | gate: self | layers: event.requireManage
POST   /api/events/:id/manage/notification-templates/email/:templateID/test | gate: self | layers: event.requireManage
GET    /api/events/:id/manage/notification-templates/email/brand/logo | gate: self | layers: event.requireRead
GET    /api/events/:id/manage/notification-templates/email/images/:fileID | gate: self | layers: event.requireRead
GET    /api/events/:id/manage/notification-templates/email/presets | gate: self | layers: event.requireRead
POST   /api/events/:id/manage/notification-templates/email/preview | gate: self | layers: event.requireRead,middleware.RateLimitPerUser.func
DELETE /api/events/:id/manage/notification-templates/email/type/:notificationType | gate: self | layers: event.requireManage
GET    /api/events/:id/manage/notification-templates/in-app | gate: self | layers: event.requireRead
POST   /api/events/:id/manage/notification-templates/in-app | gate: self | layers: event.requireManage
DELETE /api/events/:id/manage/notification-templates/in-app/:templateID | gate: self | layers: event.requireManage
GET    /api/events/:id/manage/notification-templates/in-app/:templateID | gate: self | layers: event.requireRead
PUT    /api/events/:id/manage/notification-templates/in-app/:templateID | gate: self | layers: event.requireManage
POST   /api/events/:id/manage/notification-templates/in-app/:templateID/customize | gate: self | layers: event.requireManage
POST   /api/events/:id/manage/notification-templates/in-app/:templateID/publish | gate: self | layers: event.requireManage
POST   /api/events/:id/manage/notification-templates/in-app/:templateID/rollback | gate: self | layers: event.requireManage
DELETE /api/events/:id/manage/notification-templates/in-app/type/:notificationType | gate: self | layers: event.requireManage
GET    /api/events/:id/manage/notification-types | gate: self | layers: event.requireRead
GET    /api/events/:id/manage/pages | gate: self | layers: event.requireRead
POST   /api/events/:id/manage/pages | gate: self | layers: event.requireManage
DELETE /api/events/:id/manage/pages/:pageID | gate: self | layers: event.requireManage
PUT    /api/events/:id/manage/pages/:pageID | gate: self | layers: event.requireManage
DELETE /api/events/:id/manage/pages/:pageID/draft | gate: self | layers: event.requireManage
POST   /api/events/:id/manage/pages/:pageID/publish | gate: self | layers: event.requireManage
GET    /api/events/:id/manage/pages/:slug | gate: self | layers: event.requireRead
GET    /api/events/:id/manage/participant-form | gate: self | layers: event.requireRead
PUT    /api/events/:id/manage/participant-form | gate: self | layers: event.requireManage
GET    /api/events/:id/manage/participant-form/answers | gate: self | layers: event.requireRead
GET    /api/events/:id/manage/participants | gate: self | layers: event.requireRead
GET    /api/events/:id/manage/participants/:userID | gate: self | layers: event.requireRead
POST   /api/events/:id/manage/participants/:userID/approve | gate: self | layers: event.requireManage
DELETE /api/events/:id/manage/participants/:userID/invitation | gate: self | layers: event.requireManage
POST   /api/events/:id/manage/participants/:userID/invitation/resend | gate: self | layers: event.requireManage
POST   /api/events/:id/manage/participants/:userID/reject | gate: self | layers: event.requireManage
GET    /api/events/:id/manage/participants/:userID/staff-fields | gate: self | layers: event.requireRead
PUT    /api/events/:id/manage/participants/:userID/staff-fields | gate: self | layers: event.requireManage
PUT    /api/events/:id/manage/participants/:userID/visibility | gate: self | layers: event.requireManage
POST   /api/events/:id/manage/participants/invitations | gate: self | layers: event.requireManage
DELETE /api/events/:id/manage/preview-picture | gate: self | layers: event.requireManage
POST   /api/events/:id/manage/preview-picture | gate: self | layers: event.requireManage
GET    /api/events/:id/manage/results | gate: self | layers: event.requireRead
GET    /api/events/:id/manage/results-settings | gate: self | layers: event.requireRead
PUT    /api/events/:id/manage/results-settings | gate: self | layers: event.requireManage
GET    /api/events/:id/manage/results/export.csv | gate: self | layers: event.requireRead
PUT    /api/events/:id/manage/results/opened | gate: self | layers: event.requireManage
GET    /api/events/:id/manage/scoring | gate: self | layers: event.requireRead
PUT    /api/events/:id/manage/scoring | gate: self | layers: event.requireManage
GET    /api/events/:id/manage/solution-attempts | gate: self | layers: event.requireRead
PATCH  /api/events/:id/manage/solution-attempts/:attemptID/decision | gate: self | layers: event.requireManage
POST   /api/events/:id/manage/solution-attempts/annul | gate: self | layers: event.requireManage
GET    /api/events/:id/manage/solution-attempts/export.csv | gate: self | layers: event.requireManage
GET    /api/events/:id/manage/solution-attempts/live | gate: self | layers: event.requireRead
GET    /api/events/:id/manage/team-fields | gate: self | layers: event.requireRead
PUT    /api/events/:id/manage/team-fields | gate: self | layers: event.requireManage
GET    /api/events/:id/manage/teams | gate: self | layers: event.requireRead
POST   /api/events/:id/manage/teams | gate: self | layers: event.requireManage
DELETE /api/events/:id/manage/teams/:teamID | gate: self | layers: event.requireManage
GET    /api/events/:id/manage/teams/:teamID | gate: self | layers: event.requireRead
PUT    /api/events/:id/manage/teams/:teamID | gate: self | layers: event.requireManage
PUT    /api/events/:id/manage/teams/:teamID/admission | gate: self | layers: event.requireManage
PUT    /api/events/:id/manage/teams/:teamID/captain/:userID | gate: self | layers: event.requireManage
POST   /api/events/:id/manage/teams/:teamID/form | gate: self | layers: event.requireManage
PUT    /api/events/:id/manage/teams/:teamID/hidden | gate: self | layers: event.requireManage
POST   /api/events/:id/manage/teams/:teamID/invitations | gate: self | layers: event.requireManage
DELETE /api/events/:id/manage/teams/:teamID/members/:userID | gate: self | layers: event.requireManage
POST   /api/events/:id/manage/teams/:teamID/members/:userID | gate: self | layers: event.requireManage
GET    /api/events/:id/manage/teams/:teamID/staff-fields | gate: self | layers: event.requireRead
PUT    /api/events/:id/manage/teams/:teamID/staff-fields | gate: self | layers: event.requireManage
POST   /api/events/:id/manage/teams/batch | gate: self | layers: event.requireManage
PUT    /api/events/:id/manage/theme | gate: self | layers: event.requireManage
GET    /api/events/:id/managers | gate: events.read | layers: -
DELETE /api/events/:id/managers/:userID | gate: events.write | layers: -
PUT    /api/events/:id/managers/:userID | gate: events.write | layers: -
GET    /api/events/:id/participants | gate: events.read | layers: -
POST   /api/events/:id/participants/:userID/approve | gate: events.write | layers: -
POST   /api/events/:id/participants/:userID/reject | gate: events.write | layers: -
GET    /api/events/:id/preview-picture/:fileID | gate: - | layers: -
GET    /api/events/:id/results | gate: events.results.read(public) | layers: -
GET    /api/events/:id/results/changes | gate: events.results.read(public) | layers: -
GET    /api/events/:id/results/live | gate: events.results.read(public) | layers: -
GET    /api/events/:id/results/participation | gate: self | layers: eventself.touchPresence
GET    /api/events/:id/results/team | gate: self | layers: eventself.touchPresence
GET    /api/events/:id/solution-attempts | gate: events.solution-attempts.read | layers: -
PATCH  /api/events/:id/solution-attempts/:attemptID/decision | gate: events.solution-attempts.write | layers: -
POST   /api/events/:id/teams | gate: self | layers: eventself.touchPresence
DELETE /api/events/:id/teams/:teamID | gate: self | layers: eventself.touchPresence
PUT    /api/events/:id/teams/:teamID | gate: self | layers: eventself.touchPresence
POST   /api/events/:id/teams/:teamID/captain | gate: self | layers: eventself.touchPresence
PUT    /api/events/:id/teams/:teamID/fields | gate: self | layers: eventself.touchPresence
POST   /api/events/:id/teams/:teamID/join-code | gate: self | layers: eventself.touchPresence
POST   /api/events/:id/teams/:teamID/members/:userID/kick | gate: self | layers: eventself.touchPresence
GET    /api/events/:id/teams/challenges/:challengeID/files/:fileID | gate: self | layers: eventself.touchPresence
POST   /api/events/:id/teams/challenges/:challengeID/hints/:hintID/unlock | gate: self | layers: eventself.touchPresence
GET    /api/events/:id/teams/challenges/:challengeID/lab | gate: self | layers: eventself.touchPresence
POST   /api/events/:id/teams/challenges/:challengeID/lab/link | gate: self | layers: eventself.touchPresence
POST   /api/events/:id/teams/challenges/:challengeID/open | gate: self | layers: eventself.touchPresence
GET    /api/events/:id/teams/challenges/:challengeID/solves | gate: self | layers: eventself.touchPresence
POST   /api/events/:id/teams/challenges/:challengeID/submit | gate: self | layers: eventself.touchPresence
GET    /api/events/:id/teams/challenges/mine | gate: self | layers: eventself.touchPresence
POST   /api/events/:id/teams/join | gate: self | layers: eventself.touchPresence
GET    /api/events/:id/teams/labs/stand | gate: self | layers: eventself.touchPresence
GET    /api/events/:id/teams/labs/vpn | gate: self | layers: eventself.touchPresence
GET    /api/events/:id/teams/labs/vpn/status | gate: self | layers: eventself.touchPresence
GET    /api/events/:id/teams/mine | gate: self | layers: eventself.touchPresence
POST   /api/events/:id/teams/mine/form | gate: self | layers: eventself.touchPresence
POST   /api/events/:id/teams/mine/leave | gate: self | layers: eventself.touchPresence
GET    /api/events/:id/teams/mine/members | gate: self | layers: eventself.touchPresence
PUT    /api/events/:id/theme | gate: events.write | layers: -
POST   /api/events/self/answer-files | gate: self | layers: middleware.ResolveEventTenant.func,eventself.touchPresence
GET    /api/events/self/answer-files/:fileID | gate: self | layers: middleware.ResolveEventTenant.func,eventself.touchPresence
GET    /api/events/self/info | gate: self | layers: middleware.ResolveEventTenant.func,eventself.touchPresence
POST   /api/events/self/invitation/accept | gate: self | layers: middleware.ResolveEventTenant.func,eventself.touchPresence
POST   /api/events/self/invitation/decline | gate: self | layers: middleware.ResolveEventTenant.func,eventself.touchPresence
POST   /api/events/self/join | gate: self | layers: middleware.ResolveEventTenant.func,eventself.touchPresence
GET    /api/events/self/join/info | gate: self | layers: middleware.ResolveEventTenant.func,eventself.touchPresence
POST   /api/events/self/join/invitation/accept | gate: self | layers: middleware.ResolveEventTenant.func,eventself.touchPresence
GET    /api/events/self/live-screen | gate: events.content.read(public) | layers: eventself.(*windowLimiter).middleware,middleware.ResolveEventTenant.func
GET    /api/events/self/live-screen/results | gate: events.content.read(public) | layers: eventself.(*windowLimiter).middleware,middleware.ResolveEventTenant.func,eventself.liveScreenAccess
GET    /api/events/self/live-screen/results/live | gate: events.content.read(public) | layers: eventself.(*windowLimiter).middleware,middleware.ResolveEventTenant.func,eventself.liveScreenAccess
GET    /api/events/self/participant-answers | gate: self | layers: middleware.ResolveEventTenant.func,eventself.touchPresence
PUT    /api/events/self/participant-answers | gate: self | layers: middleware.ResolveEventTenant.func,eventself.touchPresence
GET    /api/events/self/participant-form | gate: self | layers: middleware.ResolveEventTenant.func,eventself.touchPresence
POST   /api/events/self/participant-form | gate: self | layers: middleware.ResolveEventTenant.func,eventself.touchPresence
GET    /api/events/self/participant-info | gate: self | layers: middleware.ResolveEventTenant.func,eventself.touchPresence
PUT    /api/events/self/pseudonym | gate: self | layers: middleware.ResolveEventTenant.func,eventself.touchPresence
GET    /api/events/self/public-info | gate: events.content.read(public) | layers: middleware.ResolveEventTenant.func,eventself.touchPresence
GET    /api/events/self/team-fields | gate: self | layers: middleware.ResolveEventTenant.func,eventself.touchPresence
GET    /api/events/upcoming | gate: - | layers: -
GET    /api/exercises | gate: self | layers: -
POST   /api/exercises | gate: self | layers: -
DELETE /api/exercises/:id | gate: self | layers: exercise.authorize.func
GET    /api/exercises/:id | gate: self | layers: exercise.authorize.func
PATCH  /api/exercises/:id | gate: self | layers: exercise.authorize.func
PUT    /api/exercises/:id/access | gate: exercises.write | layers: -
POST   /api/exercises/:id/archive | gate: self | layers: exercise.authorize.func
POST   /api/exercises/:id/checkpoints | gate: self | layers: exercise.authorize.func
DELETE /api/exercises/:id/draft | gate: self | layers: exercise.authorize.func
GET    /api/exercises/:id/draft | gate: self | layers: exercise.authorize.func
PUT    /api/exercises/:id/draft | gate: self | layers: exercise.authorize.func
POST   /api/exercises/:id/proposals | gate: self | layers: exercise.authorize.func
POST   /api/exercises/:id/publish | gate: self | layers: exercise.authorize.func
POST   /api/exercises/:id/unarchive | gate: self | layers: exercise.authorize.func
GET    /api/exercises/:id/usage | gate: self | layers: exercise.authorize.func
GET    /api/exercises/:id/versions | gate: self | layers: exercise.authorize.func
GET    /api/exercises/:id/versions/:versionID | gate: self | layers: exercise.authorize.func
POST   /api/exercises/:id/versions/:versionID/restore | gate: self | layers: exercise.authorize.func
POST   /api/exercises/:id/versions/:versionID/rollback | gate: self | layers: exercise.authorize.func
POST   /api/exercises/:id/versions/:versionID/variants/:variantID/deploy | gate: self | layers: -
GET    /api/exercises/access | gate: self | layers: -
GET    /api/exercises/capabilities | gate: self | layers: -
GET    /api/exercises/deploys | gate: self | layers: -
DELETE /api/exercises/deploys/:deployID | gate: self | layers: -
GET    /api/exercises/deploys/:deployID | gate: self | layers: -
POST   /api/exercises/deploys/:deployID/check | gate: self | layers: -
POST   /api/exercises/deploys/:deployID/devices/:device/rescue | gate: self | layers: -
POST   /api/exercises/deploys/:deployID/devices/:device/reset | gate: self | layers: -
POST   /api/exercises/deploys/:deployID/extend | gate: self | layers: -
POST   /api/exercises/deploys/:deployID/link | gate: self | layers: -
POST   /api/exercises/export | gate: exercises.export | layers: -
POST   /api/exercises/files | gate: self | layers: -
GET    /api/exercises/files/:fileID | gate: self | layers: -
GET    /api/exercises/flag-policy | gate: self | layers: -
POST   /api/exercises/import | gate: exercises.write | layers: -
GET    /api/exercises/proposals | gate: exercises.read | layers: -
POST   /api/exercises/proposals/:proposalID/approve | gate: exercises.publish | layers: -
POST   /api/exercises/proposals/:proposalID/reject | gate: exercises.publish | layers: -
GET    /api/exercises/tags | gate: self | layers: -
GET    /api/infrastructure/agents | gate: infrastructure.read | layers: -
POST   /api/infrastructure/agents | gate: infrastructure.write | layers: -
DELETE /api/infrastructure/agents/:agentID | gate: infrastructure.write | layers: -
PUT    /api/infrastructure/agents/:agentID | gate: infrastructure.write | layers: -
POST   /api/infrastructure/agents/:agentID/check | gate: infrastructure.read | layers: -
GET    /api/infrastructure/agents/:agentID/delete-preview | gate: infrastructure.read | layers: -
POST   /api/infrastructure/agents/:agentID/reconnect | gate: infrastructure.write | layers: -
POST   /api/infrastructure/agents/:agentID/renew-certificate | gate: infrastructure.write | layers: -
POST   /api/infrastructure/agents/:agentID/rotate-access-key | gate: infrastructure.write | layers: -
GET    /api/infrastructure/monitoring/capacity/current | gate: infrastructure.read | layers: -
GET    /api/infrastructure/monitoring/capacity/observations | gate: infrastructure.read | layers: -
GET    /api/infrastructure/monitoring/current | gate: infrastructure.read | layers: -
GET    /api/infrastructure/monitoring/observations | gate: infrastructure.read | layers: -
GET    /api/infrastructure/stands | gate: infrastructure.read | layers: -
POST   /api/infrastructure/stands/:eventID/:teamID/challenges/:challengeID/devices/:device/rescue | gate: infrastructure.write | layers: -
POST   /api/infrastructure/stands/:eventID/:teamID/challenges/:challengeID/devices/:device/reset | gate: infrastructure.write | layers: -
GET    /api/infrastructure/stands/:eventID/:teamID/detail | gate: infrastructure.read | layers: -
POST   /api/infrastructure/stands/:eventID/:teamID/recreate | gate: infrastructure.write | layers: -
GET    /api/infrastructure/stands/events | gate: infrastructure.read | layers: -
GET    /api/infrastructure/status | gate: infrastructure.read | layers: -
GET    /api/infrastructure/summary | gate: infrastructure.read | layers: -
GET    /api/infrastructure/test-labs | gate: infrastructure.read | layers: -
GET    /api/infrastructure/test-labs/:labID/detail | gate: infrastructure.read | layers: -
POST   /api/infrastructure/test-labs/:labID/devices/:device/rescue | gate: infrastructure.write | layers: -
POST   /api/infrastructure/test-labs/:labID/devices/:device/reset | gate: infrastructure.write | layers: -
POST   /api/infrastructure/test-labs/:labID/terminate | gate: infrastructure.write | layers: -
GET    /api/mail/settings | gate: platform.settings.read | layers: -
PUT    /api/mail/settings/footer | gate: platform.settings.write | layers: -
POST   /api/mail/settings/footer/preview | gate: platform.settings.write | layers: -
PUT    /api/mail/settings/identity | gate: platform.settings.write | layers: -
POST   /api/mail/settings/providers | gate: platform.settings.write | layers: -
DELETE /api/mail/settings/providers/:providerId | gate: platform.settings.write | layers: -
PUT    /api/mail/settings/providers/:providerId | gate: platform.settings.write | layers: -
PATCH  /api/mail/settings/providers/:providerId/enabled | gate: platform.settings.write | layers: -
POST   /api/mail/settings/providers/:providerId/test | gate: platform.settings.write | layers: -
PUT    /api/mail/settings/providers/order | gate: platform.settings.write | layers: -
POST   /api/mail/settings/providers/test | gate: platform.settings.write | layers: -
GET    /api/notifications/banners | gate: notifications.self | layers: -
PATCH  /api/notifications/banners/:id/dismiss | gate: notifications.self | layers: -
GET    /api/notifications/broadcasts | gate: notifications.broadcast | layers: -
POST   /api/notifications/broadcasts | gate: notifications.broadcast | layers: -
GET    /api/notifications/broadcasts/:broadcastID | gate: notifications.broadcast | layers: -
GET    /api/notifications/broadcasts/:broadcastID/deliveries | gate: notifications.broadcast | layers: -
POST   /api/notifications/broadcasts/audience-count | gate: notifications.broadcast | layers: -
GET    /api/notifications/dispatches | gate: notifications.templates.read | layers: -
GET    /api/notifications/dispatches/:id | gate: notifications.templates.read | layers: -
GET    /api/notifications/inbox | gate: notifications.self | layers: -
PATCH  /api/notifications/inbox/:id/read | gate: notifications.self | layers: -
POST   /api/notifications/inbox/:id/resolve | gate: notifications.self | layers: -
GET    /api/notifications/inbox/poll | gate: notifications.self | layers: -
PATCH  /api/notifications/inbox/read-all | gate: notifications.self | layers: -
GET    /api/notifications/settings/global | gate: notifications.settings.read | layers: -
PUT    /api/notifications/settings/global | gate: notifications.settings.write | layers: -
GET    /api/notifications/settings/user | gate: notifications.self | layers: -
PUT    /api/notifications/settings/user | gate: notifications.self | layers: -
GET    /api/notifications/signal-defaults | gate: notifications.settings.read | layers: -
PUT    /api/notifications/signal-defaults | gate: notifications.settings.write | layers: -
GET    /api/notifications/site-banners | gate: notifications.banners.read | layers: -
POST   /api/notifications/site-banners | gate: notifications.banners.write | layers: -
DELETE /api/notifications/site-banners/:bannerID | gate: notifications.banners.write | layers: -
PUT    /api/notifications/site-banners/:bannerID | gate: notifications.banners.write | layers: -
GET    /api/notifications/stats | gate: notifications.templates.read | layers: -
GET    /api/notifications/templates/email | gate: notifications.templates.read | layers: -
POST   /api/notifications/templates/email | gate: notifications.templates.write | layers: -
DELETE /api/notifications/templates/email/:id | gate: notifications.templates.write | layers: -
GET    /api/notifications/templates/email/:id | gate: notifications.templates.read | layers: -
PUT    /api/notifications/templates/email/:id | gate: notifications.templates.write | layers: -
POST   /api/notifications/templates/email/:id/publish | gate: notifications.templates.write | layers: -
POST   /api/notifications/templates/email/:id/rollback | gate: notifications.templates.write | layers: -
GET    /api/notifications/templates/email/block-presets | gate: notifications.templates.read | layers: -
POST   /api/notifications/templates/email/block-presets | gate: notifications.templates.write | layers: -
DELETE /api/notifications/templates/email/block-presets/:id | gate: notifications.templates.write | layers: -
GET    /api/notifications/templates/email/block-presets/:id | gate: notifications.templates.read | layers: -
PUT    /api/notifications/templates/email/block-presets/:id | gate: notifications.templates.write | layers: -
GET    /api/notifications/templates/email/brand/logo | gate: notifications.templates.read | layers: -
POST   /api/notifications/templates/email/images | gate: notifications.templates.write | layers: -
GET    /api/notifications/templates/email/images/:fileID | gate: notifications.templates.read | layers: -
GET    /api/notifications/templates/email/latest | gate: notifications.templates.read | layers: -
POST   /api/notifications/templates/email/preview | gate: notifications.templates.read | layers: middleware.RateLimitPerUser.func
GET    /api/notifications/templates/inapp | gate: notifications.templates.read | layers: -
POST   /api/notifications/templates/inapp | gate: notifications.templates.write | layers: -
DELETE /api/notifications/templates/inapp/:id | gate: notifications.templates.write | layers: -
GET    /api/notifications/templates/inapp/:id | gate: notifications.templates.read | layers: -
PUT    /api/notifications/templates/inapp/:id | gate: notifications.templates.write | layers: -
POST   /api/notifications/templates/inapp/:id/publish | gate: notifications.templates.write | layers: -
POST   /api/notifications/templates/inapp/:id/rollback | gate: notifications.templates.write | layers: -
GET    /api/notifications/templates/inapp/latest | gate: notifications.templates.read | layers: -
POST   /api/notifications/test | gate: notifications.test | layers: -
GET    /api/notifications/types | gate: notifications.templates.read | layers: -
GET    /api/notifications/types/:type | gate: notifications.templates.read | layers: -
GET    /api/settings | gate: platform.settings.read | layers: -
GET    /api/settings/:key | gate: platform.settings.read | layers: -
PUT    /api/settings/:key | gate: platform.settings.write | layers: -
GET    /api/settings/:key/value | gate: platform.settings.read.value(public) | layers: -
GET    /api/users | gate: users.read | layers: -
DELETE /api/users/:userID | gate: users.delete | layers: -
GET    /api/users/:userID | gate: users.read | layers: -
PATCH  /api/users/:userID/role | gate: users.role.write | layers: -
PATCH  /api/users/:userID/status | gate: users.status.write | layers: -
POST   /api/users/invite | gate: users.invite | layers: middleware.RateLimitPerUser.func
GET    /api/users/stats | gate: users.read | layers: -
