[feat/event-lab-lifecycle 97bad33b] feat: wire event lab controls groups and fenced retention
 95 files changed, 5686 insertions(+), 211 deletions(-)
 create mode 100644 .superpowers/sdd/2026-10-08-event-lab-lifecycle/backend-7-9-code-report.md
 create mode 100644 .superpowers/sdd/2026-10-08-event-lab-lifecycle/task-5-evidence/commit.log
 create mode 100644 .superpowers/sdd/2026-10-08-event-lab-lifecycle/task-5-evidence/mocks-backend-7-9-code.log
 create mode 100644 .superpowers/sdd/2026-10-08-event-lab-lifecycle/task-5-evidence/mocks-backend-final-code.log
 create mode 100644 .superpowers/sdd/2026-10-08-event-lab-lifecycle/task-5-evidence/sqlc-backend-7-9-code.log
 create mode 100644 .superpowers/sdd/2026-10-08-event-lab-lifecycle/task-5-evidence/sqlc-backend-final-code.log
 create mode 100644 internal/delivery/controller/http/handler/eventself/lab_manual.go
 create mode 100644 internal/delivery/controller/http/handler/eventself/lab_manual_test.go
 create mode 100644 internal/delivery/infrastructure/labagent/group_lifecycle.go
 create mode 100644 internal/delivery/infrastructure/labagent/retirement.go
 create mode 100644 internal/delivery/repository/eventLabGroupRepo/repository.go
 create mode 100644 internal/delivery/repository/eventLabRetentionRepo/repository.go
 create mode 100644 internal/delivery/repository/eventLabRevealRepo/repository.go
 create mode 100644 internal/delivery/repository/postgres/event_lab_groups.sql.go
 create mode 100644 internal/delivery/repository/postgres/event_lab_retention.sql.go
 create mode 100644 internal/delivery/repository/postgres/event_lab_retention_integration_test.go
 create mode 100644 internal/delivery/repository/postgres/event_lab_reveal.sql.go
 create mode 100644 internal/delivery/repository/postgres/migrations/0163_event_lab_reveal_policy.down.sql
 create mode 100644 internal/delivery/repository/postgres/migrations/0163_event_lab_reveal_policy.up.sql
 create mode 100644 internal/delivery/repository/postgres/migrations/0164_event_lab_groups.down.sql
 create mode 100644 internal/delivery/repository/postgres/migrations/0164_event_lab_groups.up.sql
 create mode 100644 internal/delivery/repository/postgres/migrations/0165_event_lab_retention.down.sql
 create mode 100644 internal/delivery/repository/postgres/migrations/0165_event_lab_retention.up.sql
 create mode 100644 internal/delivery/repository/postgres/queries/event_lab_groups.sql
 create mode 100644 internal/delivery/repository/postgres/queries/event_lab_retention.sql
 create mode 100644 internal/delivery/repository/postgres/queries/event_lab_reveal.sql
 create mode 100644 internal/model/eventLab/group.go
 create mode 100644 internal/model/eventLab/group_test.go
 create mode 100644 internal/model/eventLab/manual_policy_test.go
 create mode 100644 internal/model/eventLab/retirement.go
 create mode 100644 internal/model/eventLab/retirement_test.go
 create mode 100644 internal/useCase/event/lab_definition.go
 create mode 100644 internal/useCase/event/lab_lifecycle_manual.go
 create mode 100644 internal/useCase/event/lab_lifecycle_manual_integration_test.go
 create mode 100644 internal/useCase/event/lab_lifecycle_policy.go
 create mode 100644 internal/useCase/event/lab_lifecycle_recreate.go
 create mode 100644 internal/useCase/event/lab_lifecycle_retention.go
 create mode 100644 internal/useCase/event/lab_reveal.go
 create mode 100644 internal/useCase/event/stage_lifecycle.go
 create mode 100644 internal/useCase/event/stage_lifecycle_integration_test.go
