[feat/event-lab-lifecycle 0c6daa6d] feat: account confirmed lab allocations and retained storage
 86 files changed, 2534 insertions(+), 233 deletions(-)
 create mode 100644 .superpowers/sdd/2026-10-08-event-lab-lifecycle/task-5-evidence/admission-focused.log
 create mode 100644 .superpowers/sdd/2026-10-08-event-lab-lifecycle/task-5-evidence/admission-green.log
 create mode 100644 .superpowers/sdd/2026-10-08-event-lab-lifecycle/task-5-evidence/admission-red.log
 create mode 100644 .superpowers/sdd/2026-10-08-event-lab-lifecycle/task-5-evidence/allocation-green.log
 create mode 100644 .superpowers/sdd/2026-10-08-event-lab-lifecycle/task-5-evidence/allocation-red.log
 create mode 100644 .superpowers/sdd/2026-10-08-event-lab-lifecycle/task-5-evidence/build-wiring.log
 create mode 100644 .superpowers/sdd/2026-10-08-event-lab-lifecycle/task-5-evidence/calendar-focused.log
 create mode 100644 .superpowers/sdd/2026-10-08-event-lab-lifecycle/task-5-evidence/calendar-green.log
 create mode 100644 .superpowers/sdd/2026-10-08-event-lab-lifecycle/task-5-evidence/domain-adapter.log
 create mode 100644 .superpowers/sdd/2026-10-08-event-lab-lifecycle/task-5-evidence/domain-calendar-adapter-green.log
 create mode 100644 .superpowers/sdd/2026-10-08-event-lab-lifecycle/task-5-evidence/generate-checkpoint.log
 create mode 100644 .superpowers/sdd/2026-10-08-event-lab-lifecycle/task-5-evidence/generate-final.log
 create mode 100644 .superpowers/sdd/2026-10-08-event-lab-lifecycle/task-5-evidence/generate.log
 create mode 100644 .superpowers/sdd/2026-10-08-event-lab-lifecycle/task-5-evidence/group-size-red.log
 create mode 100644 .superpowers/sdd/2026-10-08-event-lab-lifecycle/task-5-evidence/held-final-green.log
 create mode 100644 .superpowers/sdd/2026-10-08-event-lab-lifecycle/task-5-evidence/lint-errors.log
 create mode 100644 .superpowers/sdd/2026-10-08-event-lab-lifecycle/task-5-evidence/roster-green.log
 create mode 100644 .superpowers/sdd/2026-10-08-event-lab-lifecycle/task-5-evidence/roster-red.log
 create mode 100644 .superpowers/sdd/2026-10-08-event-lab-lifecycle/task-5-evidence/sizing-green.log
 create mode 100644 .superpowers/sdd/2026-10-08-event-lab-lifecycle/task-5-evidence/sizing-initial-red.log
 create mode 100644 .superpowers/sdd/2026-10-08-event-lab-lifecycle/task-5-evidence/sizing-placement-green.log
 create mode 100644 .superpowers/sdd/2026-10-08-event-lab-lifecycle/task-5-evidence/sizing-red.log
 create mode 100644 .superpowers/sdd/2026-10-08-event-lab-lifecycle/task-5-evidence/sqlc-checkpoint.log
 create mode 100644 .superpowers/sdd/2026-10-08-event-lab-lifecycle/task-5-evidence/sqlc-final.log
 create mode 100644 .superpowers/sdd/2026-10-08-event-lab-lifecycle/task-5-evidence/sqlc-tmp.log
 create mode 100644 .superpowers/sdd/2026-10-08-event-lab-lifecycle/task-5-evidence/sqlc.log
 create mode 100644 .superpowers/sdd/2026-10-08-event-lab-lifecycle/task-5-evidence/storage-and-calendar-green.log
 create mode 100644 .superpowers/sdd/2026-10-08-event-lab-lifecycle/task-5-evidence/storage-green.log
 create mode 100644 .superpowers/sdd/2026-10-08-event-lab-lifecycle/task-5-evidence/storage-integration.log
 create mode 100644 .superpowers/sdd/2026-10-08-event-lab-lifecycle/task-5-evidence/storage-red.log
 create mode 100644 .superpowers/sdd/2026-10-08-event-lab-lifecycle/task-5-evidence/totals-build.log
 create mode 100644 .superpowers/sdd/2026-10-08-event-lab-lifecycle/task-5-evidence/tracked-files.txt
 create mode 100644 .superpowers/sdd/2026-10-08-event-lab-lifecycle/task-5-report.md
 create mode 100644 internal/delivery/repository/eventLabAllocationRepo/repository.go
 create mode 100644 internal/delivery/repository/postgres/event_lab_allocations.sql.go
 create mode 100644 internal/delivery/repository/postgres/migrations/0162_event_lab_allocations.down.sql
 create mode 100644 internal/delivery/repository/postgres/migrations/0162_event_lab_allocations.up.sql
 create mode 100644 internal/delivery/repository/postgres/queries/event_lab_allocations.sql
 create mode 100644 internal/model/eventLab/allocation_test.go
 create mode 100644 internal/model/eventLab/resource_totals.go
 create mode 100644 internal/model/infrastructure/sizing_v2.go
 create mode 100644 internal/model/infrastructure/sizing_v2_test.go
 create mode 100644 internal/model/resourceCalendar/storage_test.go
 create mode 100644 internal/useCase/event/lab_allocations.go
 create mode 100644 internal/useCase/event/lab_allocations_integration_test.go
 create mode 100644 internal/useCase/event/lab_allocations_test.go
 create mode 100644 internal/useCase/event/lab_sizing.go
 create mode 100644 internal/useCase/resourceCalendar/held.go
 create mode 100644 internal/useCase/resourceCalendar/held_test.go
 create mode 100644 internal/useCase/resourceCalendar/observations.go
 create mode 100644 internal/useCase/resourceCalendar/observations_test.go
