ok  	github.com/cybericebox/daemon/internal/useCase	0.538s [no tests to run]
ok  	github.com/cybericebox/daemon/internal/useCase/adminAudit	0.429s [no tests to run]
?   	github.com/cybericebox/daemon/internal/useCase/analyticsCache	[no test files]
ok  	github.com/cybericebox/daemon/internal/useCase/auth	0.355s [no tests to run]
ok  	github.com/cybericebox/daemon/internal/useCase/errorJournal	0.250s [no tests to run]
ok  	github.com/cybericebox/daemon/internal/useCase/event	0.663s
ok  	github.com/cybericebox/daemon/internal/useCase/eventAnalytics	0.442s [no tests to run]
ok  	github.com/cybericebox/daemon/internal/useCase/eventManager	0.322s [no tests to run]
ok  	github.com/cybericebox/daemon/internal/useCase/exercise	0.530s [no tests to run]
ok  	github.com/cybericebox/daemon/internal/useCase/infrastructure	0.435s [no tests to run]
ok  	github.com/cybericebox/daemon/internal/useCase/mail	0.364s [no tests to run]
ok  	github.com/cybericebox/daemon/internal/useCase/media	0.350s [no tests to run]
?   	github.com/cybericebox/daemon/internal/useCase/notification/banner	[no test files]
ok  	github.com/cybericebox/daemon/internal/useCase/notification/broadcast	0.526s [no tests to run]
ok  	github.com/cybericebox/daemon/internal/useCase/notification/channels/email	0.615s [no tests to run]
ok  	github.com/cybericebox/daemon/internal/useCase/notification/channels/inapp	0.408s [no tests to run]
ok  	github.com/cybericebox/daemon/internal/useCase/notification/channels/render	0.321s [no tests to run]
ok  	github.com/cybericebox/daemon/internal/useCase/notification/dispatcher	0.350s [no tests to run]
?   	github.com/cybericebox/daemon/internal/useCase/notification/dispatcher/mocks	[no test files]
ok  	github.com/cybericebox/daemon/internal/useCase/notification/inbox	0.337s [no tests to run]
ok  	github.com/cybericebox/daemon/internal/useCase/notification/settings	0.304s [no tests to run]
ok  	github.com/cybericebox/daemon/internal/useCase/notification/startupdefaults	0.402s [no tests to run]
ok  	github.com/cybericebox/daemon/internal/useCase/notification/stats	0.321s [no tests to run]
ok  	github.com/cybericebox/daemon/internal/useCase/platformAnalytics	0.315s [no tests to run]
ok  	github.com/cybericebox/daemon/internal/useCase/platformSettings	0.294s [no tests to run]
ok  	github.com/cybericebox/daemon/internal/useCase/resourceCalendar	0.415s
ok  	github.com/cybericebox/daemon/internal/useCase/retention	0.382s [no tests to run]
ok  	github.com/cybericebox/daemon/internal/useCase/secret	0.224s [no tests to run]
ok  	github.com/cybericebox/daemon/internal/useCase/signal	0.319s [no tests to run]
ok  	github.com/cybericebox/daemon/internal/useCase/vpn	0.311s [no tests to run]
ok  	github.com/cybericebox/daemon/internal/delivery/controller/http/handler/event	0.502s [no tests to run]
?   	github.com/cybericebox/daemon/internal/delivery/controller/http/handler/resourceCalendar	[no test files]
